---------------------------------------
Resource Usage Report for ipsl_hmemc_top_test 

Mapping to part: pgl22gbg324-7
Cell usage:
GTP_DDC_E1      5 uses
GTP_DDRC        1 use
GTP_DDRPHY      1 use
GTP_DFF         122 uses
GTP_DFF_C       482 uses
GTP_DFF_CE      491 uses
GTP_DFF_E       19 uses
GTP_DFF_P       20 uses
GTP_DFF_PE      19 uses
GTP_DFF_R       9 uses
GTP_DFF_RE      1 use
GTP_DFF_S       1 use
GTP_DLL         2 uses
GTP_DRM18K      4 uses
GTP_GRS         1 use
GTP_INV         69 uses
GTP_IOCLKBUF    2 uses
GTP_IOCLKDIV    1 use
GTP_IODELAY     16 uses
GTP_ISERDES     16 uses
GTP_LUT2        432 uses
GTP_LUT3        356 uses
GTP_LUT4        237 uses
GTP_LUT5        336 uses
GTP_LUT5CARRY   658 uses
GTP_OSERDES     54 uses
GTP_PLL_E1      2 uses
GTP_ROM64X1     30 uses

I/O ports: 78
GTP_INBUF      4 uses
GTP_INBUFG     2 uses
GTP_IOBUF      16 uses
GTP_IOBUFCO    2 uses
GTP_OUTBUF     13 uses
GTP_OUTBUFT    37 uses
GTP_OUTBUFTCO  1 use


RAM/ROM usage summary

Distributed Rams : 30.00 of 1110 (2.70%)


Mapping Summary:
Total LUTs: 2079 of 17536 (11.86%)
	LUTs as dram: 0 of 4440 (0.00%)
	LUTs as logic: 2079 
Total Registers: 1164 of 26304 (4.43%)

DRM18K:
Total DRM18K =  4 of 48 (8.33%)

APMs:
Total APMs =  0.00 of 30 (0.00%)

Total I/O primitives =  75 of 240 (31.25%)


 Number of unique control sets:              71
 CLK(clkout3_i), C(rst_n_c_i_0), P(GND), CE(VCC)		: 125
 CLK(clkout3_i), C(GND), P(GND), CE(VCC)		: 1
 CLK(clkout3_i), C(GND), P(rst_n_c_i_0), CE(VCC)		: 4
 CLK(clkout3_i), C(rst_n_c_i_0), P(GND), CE(N_490_i_0)		: 2
 CLK(clkout3_i), C(rst_n_c_i_0), P(GND), CE(rd_state_0_sqmuxa)		: 2
 CLK(clkout3_i), C(rst_n_c_i_0), P(GND), CE(un1_M_AXI_AWLOCK_15_0)		: 21
 CLK(clkout3_i), C(rst_n_c_i_0), P(GND), CE(reg_rd_lence[0])		: 2
 CLK(clkout3_i), C(rst_n_c_i_0), P(GND), CE(un1_MASTER_RST_2_0_0)		: 21
 CLK(clkout3_i), C(rst_n_c_i_0), P(GND), CE(reg_wr_lence[0])		: 2
 CLK(clkout3_i), C(rst_n_c_i_0), P(GND), CE(reg_w_lene)		: 8
 CLK(clkout3_i), C(rst_n_c_i_0), P(GND), CE(reg_r_lene)		: 8
 CLK(clkout3_i), C(rst_n_c_i_0), P(GND), CE(rd_fifo_cnte)		: 32
 CLK(clkout1_i), C(global_reset_i_0), P(GND), CE(dll_step_copy_synced4_NE_i_0)		: 8
 CLK(clkout1_i), C(GND), P(global_reset_i_0), CE(VCC)		: 5
 CLK(clkout1_i), C(global_reset_i_0), P(GND), CE(VCC)		: 41
 CLK(dll_update_n_i), C(global_reset_i_0), P(GND), CE(VCC)		: 8
 CLK(clkout1_i), C(GND), P(GND), CE(VCC)		: 34
 CLK(clkout1_i), C(GND), P(global_reset_i_0), CE(N_82_i_0)		: 1
 CLK(clkout1_i), C(global_reset_i_0), P(GND), CE(N_82_i_0)		: 1
 CLK(clkout1_i), C(rst_n_c_i_0), P(GND), CE(VCC)		: 17
 CLK(clkout1_i), C(GND), P(rst_n_c_i_0), CE(VCC)		: 1
 CLK(clkout1_i), C(rst_n_c_i_0), P(GND), CE(N_6_i_0)		: 8
 CLK(clkout1_i), C(presetn_i_0), P(GND), CE(VCC)		: 3
 CLK(clkout1_i), C(presetn_i_0), P(GND), CE(cnte)		: 7
 CLK(clkout1_i), C(resetn_i_0), P(GND), CE(un1_init_preset8_0_a2)		: 1
 CLK(clkout1_i), C(GND), P(resetn_i_0), CE(un1_init_preset8_0_a2)		: 1
 CLK(clkout1_i), C(GND), P(resetn_i_0), CE(VCC)		: 1
 CLK(clkout1_i), C(GND), P(resetn_i_0), CE(ddrc_init_done)		: 1
 CLK(clkout1_i), C(resetn_i_0), P(GND), CE(ddrc_init_done)		: 1
 CLK(clkout1_i), C(resetn_i_0), P(GND), CE(ddrc_rst_cnte)		: 5
 CLK(clkout1_i), C(resetn_i_0), P(GND), CE(rst_cnt7)		: 5
 CLK(clkout3_i), C(rst_n_c_i_0), P(GND), CE(read_cnte)		: 19
 CLK(clkout0_i), C(read_fifo_aclr), P(GND), CE(VCC)		: 36
 CLK(clkout3_i), C(read_fifo_aclr), P(GND), CE(VCC)		: 39
 CLK(clkout0_i), C(GND), P(read_fifo_aclr), CE(VCC)		: 1
 CLK(clkout3_i), C(rst_n_c_i_0), P(GND), CE(write_cnte)		: 19
 CLK(clkout3_i), C(write_fifo_aclr), P(GND), CE(VCC)		: 38
 CLK(sys_clk_c[0]), C(write_fifo_aclr), P(GND), CE(VCC)		: 37
 CLK(clkout3_i), C(GND), P(write_fifo_aclr), CE(VCC)		: 1
 CLK(clkout0_i), C(rst_n_c_i_0), P(GND), CE(VCC)		: 87
 CLK(clkout0_i), C(rst_n_c_i_0), P(GND), CE(hs_reg5)		: 12
 CLK(clkout0_i), C(GND), P(GND), CE(rst_n_c)		: 3
 CLK(clkout1_i), R(TMDS_mod5[2]), S(GND), CE(CO0)		: 1
 CLK(clkout1_i), R(TMDS_mod5[2]), S(GND), CE(VCC)		: 9
 CLK(clkout0_i), C(GND), P(GND), CE(VCC)		: 88
 CLK(sys_clk_c[0]), C(rst_n_c_i_0), P(GND), CE(N_54_i_0)		: 8
 CLK(sys_clk_c[0]), C(rst_n_c_i_0), P(GND), CE(N_52_i_0)		: 8
 CLK(sys_clk_c[0]), C(rst_n_c_i_0), P(GND), CE(clk_edge_cnte)		: 6
 CLK(sys_clk_c[0]), C(GND), P(rst_n_c_i_0), CE(VCC)		: 7
 CLK(sys_clk_c[0]), C(rst_n_c_i_0), P(GND), CE(VCC)		: 51
 CLK(sys_clk_c[0]), C(rst_n_c_i_0), P(GND), CE(un1_CS_reg_1_sqmuxa_i_0)		: 5
 CLK(sys_clk_c[0]), C(GND), P(rst_n_c_i_0), CE(N_95_i_0)		: 8
 CLK(sys_clk_c[0]), C(rst_n_c_i_0), P(GND), CE(block_read_data5)		: 8
 CLK(sys_clk_c[0]), C(rst_n_c_i_0), P(GND), CE(byte_cnte)		: 16
 CLK(sys_clk_c[0]), C(rst_n_c_i_0), P(GND), CE(state_i_0[4])		: 10
 CLK(sys_clk_c[0]), C(rst_n_c_i_0), P(GND), CE(N_165_i_0)		: 43
 CLK(sys_clk_c[0]), C(rst_n_c_i_0), P(GND), CE(state_ns_a3_0[5])		: 32
 CLK(sys_clk_c[0]), C(rst_n_c_i_0), P(GND), CE(bmp_datace[0])		: 8
 CLK(sys_clk_c[0]), C(rst_n_c_i_0), P(GND), CE(bmp_datace[8])		: 8
 CLK(sys_clk_c[0]), C(rst_n_c_i_0), P(GND), CE(bmp_datace[16])		: 8
 CLK(sys_clk_c[0]), C(rst_n_c_i_0), P(GND), CE(sd_init_done)		: 2
 CLK(sys_clk_c[0]), C(rst_n_c_i_0), P(GND), CE(N_342_0)		: 32
 CLK(sys_clk_c[0]), C(GND), P(GND), CE(width_0_sqmuxa)		: 16
 CLK(sys_clk_c[0]), C(rst_n_c_i_0), P(GND), CE(header_1_0_sqmuxa)		: 8
 CLK(sys_clk_c[0]), C(rst_n_c_i_0), P(GND), CE(header_0_0_sqmuxa)		: 8
 CLK(sys_clk_c[0]), C(rst_n_c_i_0), P(GND), CE(N_344_i_0)		: 23
 CLK(sys_clk_c[0]), C(GND), P(rst_n_c_i_0), CE(N_344_i_0)		: 6
 CLK(sys_clk_c[0]), C(GND), P(rst_n_c_i_0), CE(un1_state43_1_0_a2)		: 2
 CLK(sys_clk_c[0]), C(rst_n_c_i_0), P(GND), CE(bmp_len_cnte)		: 32
 CLK(sys_clk_c[0]), C(rst_n_c_i_0), P(GND), CE(rd_cnte)		: 10
 CLK(sys_clk_c[0]), C(rst_n_c_i_0), P(GND), CE(q_rege)		: 32

